<html>
<body>
<pre>
<h1>µVision Build Log</h1>
<h2>Tool Versions:</h2>
IDE-Version: ¦ÌVision V5.28.0.0
Copyright (C) 2019 ARM Ltd and ARM Germany GmbH. All rights reserved.
License Information: 12 2054190139@qq.com, 32, LIC=YA39H-W5594-KPTZY-IEHQ4-BIKF6-435QN
 
Tool Versions:
Toolchain:       MDK-ARM Plus  Version: 5.28.0.0
Toolchain Path:  D:\Keil_MDK\ARM\ARMCLANG\Bin
C Compiler:      ArmClang.exe V6.12
Assembler:       Armasm.exe V6.12
Linker/Locator:  ArmLink.exe V6.12
Library Manager: ArmAr.exe V6.12
Hex Converter:   FromElf.exe V6.12
CPU DLL:         SARMCM3.DLL V5.28.0.0
Dialog DLL:      DCM.DLL V1.17.3.0
Target DLL:      STLink\ST-LINKIII-KEIL_SWO.dll V3.0.6.0
Dialog DLL:      TCM.DLL V1.36.2.0
 
<h2>Project:</h2>
D:\myproject\keil_mdk\lgvl\MDK-ARM\STM32H750XBH6.uvprojx
Project File Date:  12/31/2024

<h2>Output:</h2>
*** Using Compiler 'V6.12', folder: 'D:\Keil_MDK\ARM\ARMCLANG\Bin'
Build target 'STM32H750XBH6'
compiling main.c...
linking...
STM32H750XBH6\STM32H750XBH6.sct(16): warning: L6329W: Pattern lv_disp.o(RO) only matches removed unused sections.
STM32H750XBH6\STM32H750XBH6.sct(17): warning: L6329W: Pattern lv_event.o(RO) only matches removed unused sections.
STM32H750XBH6\STM32H750XBH6.sct(18): warning: L6329W: Pattern lv_group.o(RO) only matches removed unused sections.
STM32H750XBH6\STM32H750XBH6.sct(19): warning: L6329W: Pattern lv_indev.o(RO) only matches removed unused sections.
STM32H750XBH6\STM32H750XBH6.sct(20): warning: L6329W: Pattern lv_indev_scroll.o(RO) only matches removed unused sections.
STM32H750XBH6\STM32H750XBH6.sct(21): warning: L6329W: Pattern lv_obj.o(RO) only matches removed unused sections.
STM32H750XBH6\STM32H750XBH6.sct(22): warning: L6329W: Pattern lv_obj_class.o(RO) only matches removed unused sections.
STM32H750XBH6\STM32H750XBH6.sct(23): warning: L6329W: Pattern lv_obj_draw.o(RO) only matches removed unused sections.
STM32H750XBH6\STM32H750XBH6.sct(24): warning: L6329W: Pattern lv_obj_pos.o(RO) only matches removed unused sections.
STM32H750XBH6\STM32H750XBH6.sct(25): warning: L6329W: Pattern lv_obj_scroll.o(RO) only matches removed unused sections.
STM32H750XBH6\STM32H750XBH6.sct(26): warning: L6329W: Pattern lv_obj_style.o(RO) only matches removed unused sections.
STM32H750XBH6\STM32H750XBH6.sct(27): warning: L6329W: Pattern lv_obj_style_gen.o(RO) only matches removed unused sections.
STM32H750XBH6\STM32H750XBH6.sct(28): warning: L6329W: Pattern lv_obj_tree.o(RO) only matches removed unused sections.
STM32H750XBH6\STM32H750XBH6.sct(29): warning: L6329W: Pattern lv_refr.o(RO) only matches removed unused sections.
STM32H750XBH6\STM32H750XBH6.sct(30): warning: L6329W: Pattern lv_theme.o(RO) only matches removed unused sections.
STM32H750XBH6\STM32H750XBH6.sct(31): warning: L6329W: Pattern lv_draw.o(RO) only matches removed unused sections.
STM32H750XBH6\STM32H750XBH6.sct(32): warning: L6329W: Pattern lv_draw_arc.o(RO) only matches removed unused sections.
STM32H750XBH6\STM32H750XBH6.sct(33): warning: L6329W: Pattern lv_draw_img.o(RO) only matches removed unused sections.
STM32H750XBH6\STM32H750XBH6.sct(34): warning: L6329W: Pattern lv_draw_label.o(RO) only matches removed unused sections.
STM32H750XBH6\STM32H750XBH6.sct(35): warning: L6329W: Pattern lv_draw_layer.o(RO) only matches removed unused sections.
STM32H750XBH6\STM32H750XBH6.sct(36): warning: L6329W: Pattern lv_draw_line.o(RO) only matches removed unused sections.
STM32H750XBH6\STM32H750XBH6.sct(37): warning: L6329W: Pattern lv_draw_mask.o(RO) only matches removed unused sections.
STM32H750XBH6\STM32H750XBH6.sct(38): warning: L6329W: Pattern lv_draw_rect.o(RO) only matches removed unused sections.
STM32H750XBH6\STM32H750XBH6.sct(39): warning: L6329W: Pattern lv_draw_transform.o(RO) only matches removed unused sections.
STM32H750XBH6\STM32H750XBH6.sct(40): warning: L6329W: Pattern lv_draw_triangle.o(RO) only matches removed unused sections.
STM32H750XBH6\STM32H750XBH6.sct(41): warning: L6329W: Pattern lv_img_buf.o(RO) only matches removed unused sections.
STM32H750XBH6\STM32H750XBH6.sct(42): warning: L6329W: Pattern lv_img_cache.o(RO) only matches removed unused sections.
STM32H750XBH6\STM32H750XBH6.sct(43): warning: L6329W: Pattern lv_img_decoder.o(RO) only matches removed unused sections.
STM32H750XBH6\STM32H750XBH6.sct(44): warning: L6329W: Pattern lv_gpu_arm2d.o(RO) only matches removed unused sections.
STM32H750XBH6\STM32H750XBH6.sct(45): warning: L6329W: Pattern lv_draw_pxp.o(RO) only matches removed unused sections.
STM32H750XBH6\STM32H750XBH6.sct(46): warning: L6329W: Pattern lv_draw_pxp_blend.o(RO) only matches removed unused sections.
STM32H750XBH6\STM32H750XBH6.sct(47): warning: L6329W: Pattern lv_gpu_nxp_pxp.o(RO) only matches removed unused sections.
STM32H750XBH6\STM32H750XBH6.sct(48): warning: L6329W: Pattern lv_gpu_nxp_pxp_osa.o(RO) only matches removed unused sections.
STM32H750XBH6\STM32H750XBH6.sct(49): warning: L6329W: Pattern lv_draw_vglite.o(RO) only matches removed unused sections.
STM32H750XBH6\STM32H750XBH6.sct(50): warning: L6329W: Pattern lv_draw_vglite_arc.o(RO) only matches removed unused sections.
STM32H750XBH6\STM32H750XBH6.sct(51): warning: L6329W: Pattern lv_draw_vglite_blend.o(RO) only matches removed unused sections.
STM32H750XBH6\STM32H750XBH6.sct(52): warning: L6329W: Pattern lv_draw_vglite_line.o(RO) only matches removed unused sections.
STM32H750XBH6\STM32H750XBH6.sct(53): warning: L6329W: Pattern lv_draw_vglite_rect.o(RO) only matches removed unused sections.
STM32H750XBH6\STM32H750XBH6.sct(54): warning: L6329W: Pattern lv_vglite_buf.o(RO) only matches removed unused sections.
STM32H750XBH6\STM32H750XBH6.sct(55): warning: L6329W: Pattern lv_vglite_utils.o(RO) only matches removed unused sections.
STM32H750XBH6\STM32H750XBH6.sct(56): warning: L6329W: Pattern lv_gpu_d2_draw_label.o(RO) only matches removed unused sections.
STM32H750XBH6\STM32H750XBH6.sct(57): warning: L6329W: Pattern lv_gpu_d2_ra6m3.o(RO) only matches removed unused sections.
STM32H750XBH6\STM32H750XBH6.sct(58): warning: L6329W: Pattern lv_draw_sdl.o(RO) only matches removed unused sections.
STM32H750XBH6\STM32H750XBH6.sct(59): warning: L6329W: Pattern lv_draw_sdl_arc.o(RO) only matches removed unused sections.
STM32H750XBH6\STM32H750XBH6.sct(60): warning: L6329W: Pattern lv_draw_sdl_bg.o(RO) only matches removed unused sections.
STM32H750XBH6\STM32H750XBH6.sct(61): warning: L6329W: Pattern lv_draw_sdl_composite.o(RO) only matches removed unused sections.
STM32H750XBH6\STM32H750XBH6.sct(62): warning: L6329W: Pattern lv_draw_sdl_img.o(RO) only matches removed unused sections.
STM32H750XBH6\STM32H750XBH6.sct(63): warning: L6329W: Pattern lv_draw_sdl_label.o(RO) only matches removed unused sections.
STM32H750XBH6\STM32H750XBH6.sct(64): warning: L6329W: Pattern lv_draw_sdl_layer.o(RO) only matches removed unused sections.
STM32H750XBH6\STM32H750XBH6.sct(65): warning: L6329W: Pattern lv_draw_sdl_line.o(RO) only matches removed unused sections.
STM32H750XBH6\STM32H750XBH6.sct(66): warning: L6329W: Pattern lv_draw_sdl_mask.o(RO) only matches removed unused sections.
STM32H750XBH6\STM32H750XBH6.sct(67): warning: L6329W: Pattern lv_draw_sdl_polygon.o(RO) only matches removed unused sections.
STM32H750XBH6\STM32H750XBH6.sct(68): warning: L6329W: Pattern lv_draw_sdl_rect.o(RO) only matches removed unused sections.
STM32H750XBH6\STM32H750XBH6.sct(69): warning: L6329W: Pattern lv_draw_sdl_stack_blur.o(RO) only matches removed unused sections.
STM32H750XBH6\STM32H750XBH6.sct(70): warning: L6329W: Pattern lv_draw_sdl_texture_cache.o(RO) only matches removed unused sections.
STM32H750XBH6\STM32H750XBH6.sct(71): warning: L6329W: Pattern lv_draw_sdl_utils.o(RO) only matches removed unused sections.
STM32H750XBH6\STM32H750XBH6.sct(72): warning: L6329W: Pattern lv_gpu_stm32_dma2d.o(RO) only matches removed unused sections.
STM32H750XBH6\STM32H750XBH6.sct(73): warning: L6329W: Pattern lv_draw_sw.o(RO) only matches removed unused sections.
STM32H750XBH6\STM32H750XBH6.sct(74): warning: L6329W: Pattern lv_draw_sw_arc.o(RO) only matches removed unused sections.
STM32H750XBH6\STM32H750XBH6.sct(75): warning: L6329W: Pattern lv_draw_sw_blend.o(RO) only matches removed unused sections.
STM32H750XBH6\STM32H750XBH6.sct(76): warning: L6329W: Pattern lv_draw_sw_dither.o(RO) only matches removed unused sections.
STM32H750XBH6\STM32H750XBH6.sct(77): warning: L6329W: Pattern lv_draw_sw_gradient.o(RO) only matches removed unused sections.
STM32H750XBH6\STM32H750XBH6.sct(78): warning: L6329W: Pattern lv_draw_sw_img.o(RO) only matches removed unused sections.
STM32H750XBH6\STM32H750XBH6.sct(79): warning: L6329W: Pattern lv_draw_sw_layer.o(RO) only matches removed unused sections.
STM32H750XBH6\STM32H750XBH6.sct(80): warning: L6329W: Pattern lv_draw_sw_letter.o(RO) only matches removed unused sections.
STM32H750XBH6\STM32H750XBH6.sct(81): warning: L6329W: Pattern lv_draw_sw_line.o(RO) only matches removed unused sections.
STM32H750XBH6\STM32H750XBH6.sct(82): warning: L6329W: Pattern lv_draw_sw_polygon.o(RO) only matches removed unused sections.
STM32H750XBH6\STM32H750XBH6.sct(83): warning: L6329W: Pattern lv_draw_sw_rect.o(RO) only matches removed unused sections.
STM32H750XBH6\STM32H750XBH6.sct(84): warning: L6329W: Pattern lv_draw_sw_transform.o(RO) only matches removed unused sections.
STM32H750XBH6\STM32H750XBH6.sct(85): warning: L6329W: Pattern lv_gpu_swm341_dma2d.o(RO) only matches removed unused sections.
STM32H750XBH6\STM32H750XBH6.sct(86): warning: L6329W: Pattern lv_flex.o(RO) only matches removed unused sections.
STM32H750XBH6\STM32H750XBH6.sct(87): warning: L6329W: Pattern lv_grid.o(RO) only matches removed unused sections.
STM32H750XBH6\STM32H750XBH6.sct(88): warning: L6329W: Pattern lv_bmp.o(RO) only matches removed unused sections.
STM32H750XBH6\STM32H750XBH6.sct(89): warning: L6329W: Pattern lv_ffmpeg.o(RO) only matches removed unused sections.
STM32H750XBH6\STM32H750XBH6.sct(90): warning: L6329W: Pattern lv_freetype.o(RO) only matches removed unused sections.
STM32H750XBH6\STM32H750XBH6.sct(91): warning: L6329W: Pattern lv_fs_fatfs.o(RO) only matches removed unused sections.
STM32H750XBH6\STM32H750XBH6.sct(92): warning: L6329W: Pattern lv_fs_littlefs.o(RO) only matches removed unused sections.
STM32H750XBH6\STM32H750XBH6.sct(93): warning: L6329W: Pattern lv_fs_posix.o(RO) only matches removed unused sections.
STM32H750XBH6\STM32H750XBH6.sct(94): warning: L6329W: Pattern lv_fs_stdio.o(RO) only matches removed unused sections.
STM32H750XBH6\STM32H750XBH6.sct(95): warning: L6329W: Pattern lv_fs_win32.o(RO) only matches removed unused sections.
STM32H750XBH6\STM32H750XBH6.sct(96): warning: L6329W: Pattern gifdec.o(RO) only matches removed unused sections.
STM32H750XBH6\STM32H750XBH6.sct(97): warning: L6329W: Pattern lv_gif.o(RO) only matches removed unused sections.
STM32H750XBH6\STM32H750XBH6.sct(98): warning: L6329W: Pattern lodepng.o(RO) only matches removed unused sections.
STM32H750XBH6\STM32H750XBH6.sct(99): warning: L6329W: Pattern lv_png.o(RO) only matches removed unused sections.
STM32H750XBH6\STM32H750XBH6.sct(100): warning: L6329W: Pattern lv_qrcode.o(RO) only matches removed unused sections.
STM32H750XBH6\STM32H750XBH6.sct(101): warning: L6329W: Pattern qrcodegen.o(RO) only matches removed unused sections.
STM32H750XBH6\STM32H750XBH6.sct(102): warning: L6329W: Pattern lv_rlottie.o(RO) only matches removed unused sections.
STM32H750XBH6\STM32H750XBH6.sct(103): warning: L6329W: Pattern lv_sjpg.o(RO) only matches removed unused sections.
STM32H750XBH6\STM32H750XBH6.sct(104): warning: L6329W: Pattern tjpgd.o(RO) only matches removed unused sections.
STM32H750XBH6\STM32H750XBH6.sct(105): warning: L6329W: Pattern lv_tiny_ttf.o(RO) only matches removed unused sections.
STM32H750XBH6\STM32H750XBH6.sct(106): warning: L6329W: Pattern lv_fragment.o(RO) only matches removed unused sections.
STM32H750XBH6\STM32H750XBH6.sct(107): warning: L6329W: Pattern lv_fragment_manager.o(RO) only matches removed unused sections.
STM32H750XBH6\STM32H750XBH6.sct(108): warning: L6329W: Pattern lv_gridnav.o(RO) only matches removed unused sections.
STM32H750XBH6\STM32H750XBH6.sct(109): warning: L6329W: Pattern lv_ime_pinyin.o(RO) only matches removed unused sections.
STM32H750XBH6\STM32H750XBH6.sct(110): warning: L6329W: Pattern lv_imgfont.o(RO) only matches removed unused sections.
STM32H750XBH6\STM32H750XBH6.sct(111): warning: L6329W: Pattern lv_monkey.o(RO) only matches removed unused sections.
STM32H750XBH6\STM32H750XBH6.sct(112): warning: L6329W: Pattern lv_msg.o(RO) only matches removed unused sections.
STM32H750XBH6\STM32H750XBH6.sct(113): warning: L6329W: Pattern lv_snapshot.o(RO) only matches removed unused sections.
STM32H750XBH6\STM32H750XBH6.sct(114): warning: L6329W: Pattern lv_theme_basic.o(RO) only matches removed unused sections.
STM32H750XBH6\STM32H750XBH6.sct(115): warning: L6329W: Pattern lv_theme_default.o(RO) only matches removed unused sections.
STM32H750XBH6\STM32H750XBH6.sct(116): warning: L6329W: Pattern lv_theme_mono.o(RO) only matches removed unused sections.
STM32H750XBH6\STM32H750XBH6.sct(117): warning: L6329W: Pattern lv_animimg.o(RO) only matches removed unused sections.
STM32H750XBH6\STM32H750XBH6.sct(118): warning: L6329W: Pattern lv_calendar.o(RO) only matches removed unused sections.
STM32H750XBH6\STM32H750XBH6.sct(119): warning: L6329W: Pattern lv_calendar_header_arrow.o(RO) only matches removed unused sections.
STM32H750XBH6\STM32H750XBH6.sct(120): warning: L6329W: Pattern lv_calendar_header_dropdown.o(RO) only matches removed unused sections.
STM32H750XBH6\STM32H750XBH6.sct(121): warning: L6329W: Pattern lv_chart.o(RO) only matches removed unused sections.
STM32H750XBH6\STM32H750XBH6.sct(122): warning: L6329W: Pattern lv_colorwheel.o(RO) only matches removed unused sections.
STM32H750XBH6\STM32H750XBH6.sct(123): warning: L6329W: Pattern lv_imgbtn.o(RO) only matches removed unused sections.
STM32H750XBH6\STM32H750XBH6.sct(124): warning: L6329W: Pattern lv_keyboard.o(RO) only matches removed unused sections.
STM32H750XBH6\STM32H750XBH6.sct(125): warning: L6329W: Pattern lv_led.o(RO) only matches removed unused sections.
STM32H750XBH6\STM32H750XBH6.sct(126): warning: L6329W: Pattern lv_list.o(RO) only matches removed unused sections.
STM32H750XBH6\STM32H750XBH6.sct(127): warning: L6329W: Pattern lv_menu.o(RO) only matches removed unused sections.
STM32H750XBH6\STM32H750XBH6.sct(128): warning: L6329W: Pattern lv_meter.o(RO) only matches removed unused sections.
STM32H750XBH6\STM32H750XBH6.sct(129): warning: L6329W: Pattern lv_msgbox.o(RO) only matches removed unused sections.
STM32H750XBH6\STM32H750XBH6.sct(130): warning: L6329W: Pattern lv_span.o(RO) only matches removed unused sections.
STM32H750XBH6\STM32H750XBH6.sct(131): warning: L6329W: Pattern lv_spinbox.o(RO) only matches removed unused sections.
STM32H750XBH6\STM32H750XBH6.sct(132): warning: L6329W: Pattern lv_spinner.o(RO) only matches removed unused sections.
STM32H750XBH6\STM32H750XBH6.sct(133): warning: L6329W: Pattern lv_tabview.o(RO) only matches removed unused sections.
STM32H750XBH6\STM32H750XBH6.sct(134): warning: L6329W: Pattern lv_tileview.o(RO) only matches removed unused sections.
STM32H750XBH6\STM32H750XBH6.sct(135): warning: L6329W: Pattern lv_win.o(RO) only matches removed unused sections.
STM32H750XBH6\STM32H750XBH6.sct(136): warning: L6329W: Pattern lv_extra.o(RO) only matches removed unused sections.
STM32H750XBH6\STM32H750XBH6.sct(137): warning: L6329W: Pattern lv_font.o(RO) only matches removed unused sections.
STM32H750XBH6\STM32H750XBH6.sct(138): warning: L6329W: Pattern lv_font_dejavu_16_persian_hebrew.o(RO) only matches removed unused sections.
STM32H750XBH6\STM32H750XBH6.sct(139): warning: L6329W: Pattern lv_font_fmt_txt.o(RO) only matches removed unused sections.
STM32H750XBH6\STM32H750XBH6.sct(140): warning: L6329W: Pattern lv_font_loader.o(RO) only matches removed unused sections.
STM32H750XBH6\STM32H750XBH6.sct(141): warning: L6329W: Pattern lv_font_montserrat_8.o(RO) only matches removed unused sections.
STM32H750XBH6\STM32H750XBH6.sct(142): warning: L6329W: Pattern lv_font_montserrat_10.o(RO) only matches removed unused sections.
STM32H750XBH6\STM32H750XBH6.sct(143): warning: L6329W: Pattern lv_font_montserrat_12.o(RO) only matches removed unused sections.
STM32H750XBH6\STM32H750XBH6.sct(144): warning: L6329W: Pattern lv_font_montserrat_12_subpx.o(RO) only matches removed unused sections.
STM32H750XBH6\STM32H750XBH6.sct(145): warning: L6329W: Pattern lv_font_montserrat_14.o(RO) only matches removed unused sections.
STM32H750XBH6\STM32H750XBH6.sct(146): warning: L6329W: Pattern lv_font_montserrat_16.o(RO) only matches removed unused sections.
STM32H750XBH6\STM32H750XBH6.sct(147): warning: L6329W: Pattern lv_font_montserrat_18.o(RO) only matches removed unused sections.
STM32H750XBH6\STM32H750XBH6.sct(148): warning: L6329W: Pattern lv_font_montserrat_20.o(RO) only matches removed unused sections.
STM32H750XBH6\STM32H750XBH6.sct(149): warning: L6329W: Pattern lv_font_montserrat_22.o(RO) only matches removed unused sections.
STM32H750XBH6\STM32H750XBH6.sct(150): warning: L6329W: Pattern lv_font_montserrat_24.o(RO) only matches removed unused sections.
STM32H750XBH6\STM32H750XBH6.sct(151): warning: L6329W: Pattern lv_font_montserrat_26.o(RO) only matches removed unused sections.
STM32H750XBH6\STM32H750XBH6.sct(152): warning: L6329W: Pattern lv_font_montserrat_28.o(RO) only matches removed unused sections.
STM32H750XBH6\STM32H750XBH6.sct(153): warning: L6329W: Pattern lv_font_montserrat_28_compressed.o(RO) only matches removed unused sections.
STM32H750XBH6\STM32H750XBH6.sct(154): warning: L6329W: Pattern lv_font_montserrat_30.o(RO) only matches removed unused sections.
STM32H750XBH6\STM32H750XBH6.sct(155): warning: L6329W: Pattern lv_font_montserrat_32.o(RO) only matches removed unused sections.
STM32H750XBH6\STM32H750XBH6.sct(156): warning: L6329W: Pattern lv_font_montserrat_34.o(RO) only matches removed unused sections.
STM32H750XBH6\STM32H750XBH6.sct(157): warning: L6329W: Pattern lv_font_montserrat_36.o(RO) only matches removed unused sections.
STM32H750XBH6\STM32H750XBH6.sct(158): warning: L6329W: Pattern lv_font_montserrat_38.o(RO) only matches removed unused sections.
STM32H750XBH6\STM32H750XBH6.sct(159): warning: L6329W: Pattern lv_font_montserrat_40.o(RO) only matches removed unused sections.
STM32H750XBH6\STM32H750XBH6.sct(160): warning: L6329W: Pattern lv_font_montserrat_42.o(RO) only matches removed unused sections.
STM32H750XBH6\STM32H750XBH6.sct(161): warning: L6329W: Pattern lv_font_montserrat_44.o(RO) only matches removed unused sections.
STM32H750XBH6\STM32H750XBH6.sct(162): warning: L6329W: Pattern lv_font_montserrat_46.o(RO) only matches removed unused sections.
STM32H750XBH6\STM32H750XBH6.sct(163): warning: L6329W: Pattern lv_font_montserrat_48.o(RO) only matches removed unused sections.
STM32H750XBH6\STM32H750XBH6.sct(164): warning: L6329W: Pattern lv_font_simsun_16_cjk.o(RO) only matches removed unused sections.
STM32H750XBH6\STM32H750XBH6.sct(165): warning: L6329W: Pattern lv_font_unscii_8.o(RO) only matches removed unused sections.
STM32H750XBH6\STM32H750XBH6.sct(166): warning: L6329W: Pattern lv_font_unscii_16.o(RO) only matches removed unused sections.
STM32H750XBH6\STM32H750XBH6.sct(167): warning: L6329W: Pattern lv_hal_disp.o(RO) only matches removed unused sections.
STM32H750XBH6\STM32H750XBH6.sct(168): warning: L6329W: Pattern lv_hal_indev.o(RO) only matches removed unused sections.
STM32H750XBH6\STM32H750XBH6.sct(170): warning: L6329W: Pattern lv_anim.o(RO) only matches removed unused sections.
STM32H750XBH6\STM32H750XBH6.sct(171): warning: L6329W: Pattern lv_anim_timeline.o(RO) only matches removed unused sections.
STM32H750XBH6\STM32H750XBH6.sct(172): warning: L6329W: Pattern lv_area.o(RO) only matches removed unused sections.
STM32H750XBH6\STM32H750XBH6.sct(173): warning: L6329W: Pattern lv_async.o(RO) only matches removed unused sections.
STM32H750XBH6\STM32H750XBH6.sct(174): warning: L6329W: Pattern lv_bidi.o(RO) only matches removed unused sections.
STM32H750XBH6\STM32H750XBH6.sct(175): warning: L6329W: Pattern lv_color.o(RO) only matches removed unused sections.
STM32H750XBH6\STM32H750XBH6.sct(176): warning: L6329W: Pattern lv_fs.o(RO) only matches removed unused sections.
STM32H750XBH6\STM32H750XBH6.sct(177): warning: L6329W: Pattern lv_gc.o(RO) only matches removed unused sections.
STM32H750XBH6\STM32H750XBH6.sct(178): warning: L6329W: Pattern lv_ll.o(RO) only matches removed unused sections.
STM32H750XBH6\STM32H750XBH6.sct(179): warning: L6329W: Pattern lv_log.o(RO) only matches removed unused sections.
STM32H750XBH6\STM32H750XBH6.sct(180): warning: L6329W: Pattern lv_lru.o(RO) only matches removed unused sections.
STM32H750XBH6\STM32H750XBH6.sct(181): warning: L6329W: Pattern lv_math.o(RO) only matches removed unused sections.
STM32H750XBH6\STM32H750XBH6.sct(182): warning: L6329W: Pattern lv_mem.o(RO) only matches removed unused sections.
STM32H750XBH6\STM32H750XBH6.sct(183): warning: L6329W: Pattern lv_printf.o(RO) only matches removed unused sections.
STM32H750XBH6\STM32H750XBH6.sct(184): warning: L6329W: Pattern lv_style.o(RO) only matches removed unused sections.
STM32H750XBH6\STM32H750XBH6.sct(185): warning: L6329W: Pattern lv_style_gen.o(RO) only matches removed unused sections.
STM32H750XBH6\STM32H750XBH6.sct(186): warning: L6329W: Pattern lv_templ.o(RO) only matches removed unused sections.
STM32H750XBH6\STM32H750XBH6.sct(187): warning: L6329W: Pattern lv_timer.o(RO) only matches removed unused sections.
STM32H750XBH6\STM32H750XBH6.sct(188): warning: L6329W: Pattern lv_tlsf.o(RO) only matches removed unused sections.
STM32H750XBH6\STM32H750XBH6.sct(189): warning: L6329W: Pattern lv_txt.o(RO) only matches removed unused sections.
STM32H750XBH6\STM32H750XBH6.sct(190): warning: L6329W: Pattern lv_txt_ap.o(RO) only matches removed unused sections.
STM32H750XBH6\STM32H750XBH6.sct(191): warning: L6329W: Pattern lv_utils.o(RO) only matches removed unused sections.
STM32H750XBH6\STM32H750XBH6.sct(192): warning: L6329W: Pattern lv_arc.o(RO) only matches removed unused sections.
STM32H750XBH6\STM32H750XBH6.sct(193): warning: L6329W: Pattern lv_bar.o(RO) only matches removed unused sections.
STM32H750XBH6\STM32H750XBH6.sct(194): warning: L6329W: Pattern lv_btn.o(RO) only matches removed unused sections.
STM32H750XBH6\STM32H750XBH6.sct(195): warning: L6329W: Pattern lv_btnmatrix.o(RO) only matches removed unused sections.
STM32H750XBH6\STM32H750XBH6.sct(196): warning: L6329W: Pattern lv_canvas.o(RO) only matches removed unused sections.
STM32H750XBH6\STM32H750XBH6.sct(197): warning: L6329W: Pattern lv_checkbox.o(RO) only matches removed unused sections.
STM32H750XBH6\STM32H750XBH6.sct(198): warning: L6329W: Pattern lv_dropdown.o(RO) only matches removed unused sections.
STM32H750XBH6\STM32H750XBH6.sct(199): warning: L6329W: Pattern lv_img.o(RO) only matches removed unused sections.
STM32H750XBH6\STM32H750XBH6.sct(200): warning: L6329W: Pattern lv_label.o(RO) only matches removed unused sections.
STM32H750XBH6\STM32H750XBH6.sct(201): warning: L6329W: Pattern lv_line.o(RO) only matches removed unused sections.
STM32H750XBH6\STM32H750XBH6.sct(202): warning: L6329W: Pattern lv_objx_templ.o(RO) only matches removed unused sections.
STM32H750XBH6\STM32H750XBH6.sct(203): warning: L6329W: Pattern lv_roller.o(RO) only matches removed unused sections.
STM32H750XBH6\STM32H750XBH6.sct(204): warning: L6329W: Pattern lv_slider.o(RO) only matches removed unused sections.
STM32H750XBH6\STM32H750XBH6.sct(205): warning: L6329W: Pattern lv_switch.o(RO) only matches removed unused sections.
STM32H750XBH6\STM32H750XBH6.sct(206): warning: L6329W: Pattern lv_table.o(RO) only matches removed unused sections.
STM32H750XBH6\STM32H750XBH6.sct(207): warning: L6329W: Pattern lv_textarea.o(RO) only matches removed unused sections.
Program Size: Code=69956 RO-data=5508 RW-data=36 ZI-data=27596  
Finished: 0 information, 191 warning and 0 error messages.
FromELF: creating hex file...
"STM32H750XBH6\STM32H750XBH6.axf" - 0 Error(s), 191 Warning(s).

<h2>Software Packages used:</h2>

Package Vendor: ARM
                http://www.keil.com/pack/ARM.CMSIS.5.5.1.pack
                ARM.CMSIS.5.5.1
                CMSIS (Cortex Microcontroller Software Interface Standard)
   * Component: CORE Version: 5.2.0

Package Vendor: Keil
                https://www.keil.com/pack/Keil.STM32H7xx_DFP.3.1.1.pack
                Keil.STM32H7xx_DFP.3.1.1
                STMicroelectronics STM32H7 Series Device Support and Examples

<h2>Collection of Component include folders:</h2>
  .\RTE\_STM32H750XBH6
  D:\Keil_MDK\packs\ARM\CMSIS\5.5.1\CMSIS\Core\Include
  D:\Keil_MDK\packs\Keil\STM32H7xx_DFP\3.1.1\Drivers\CMSIS\Device\ST\STM32H7xx\Include

<h2>Collection of Component Files used:</h2>

   * Component: ARM::CMSIS:CORE:5.2.0
Build Time Elapsed:  00:00:07
</pre>
</body>
</html>
